[  0%] Built target generate_license_header
[  0%] Built target CLI11
[  1%] Built target TracyClient
[  6%] Built target spdlog
[  7%] Built target shared_autogen_timestamp_deps
[  9%] Built target shared_autogen
[ 21%] Built target soci_core
[ 27%] Built target soci_postgresql
[ 33%] Built target soci_sqlite3
[ 39%] Built target soci_mysql
[ 59%] Built target shared
[ 70%] Built target mumble_database
[ 84%] Built target mumble_server_database
[ 84%] Built target mumble_server_object_lib_autogen_timestamp_deps
[ 84%] Automatic MOC for target mumble_server_object_lib
[ 84%] Built target mumble_server_object_lib_autogen
[ 84%] Building CXX object src/murmur/CMakeFiles/mumble_server_object_lib.dir/Messages.cpp.o
[ 97%] Built target mumble_server_object_lib
[ 97%] Built target mumble-server_autogen_timestamp_deps
[ 97%] Built target mumble-server_autogen
[ 98%] Linking CXX executable ../../mumble-server
[ 99%] Built target mumble-server
[ 99%] Executing delayed configure script configure_files_1.cmake
[100%] Built target delayed_configure_files_target_1
